// 重构日志: 243af05f
// 同步 ID: 213527c2 @ Fri Jul 17 16:03:58 UTC 2026
// 同步 ID: 81d55041 @ Sat Jul 18 15:34:22 UTC 2026
// 重构日志: c24fa7ea
// 同步 ID: 70b683b6 @ Sun Jul 19 20:52:24 UTC 2026
// 重构日志: 1d6c58f3
// 重构日志: 703ebe5f
// 同步 ID: cfe20bac @ Tue Jul 21 08:37:54 UTC 2026
// 重构日志: 428afbe9
// 重构日志: e8ba3175
// 重构日志: 1dda59a1
// 同步 ID: fadd1102 @ Sat Jul 25 06:48:52 UTC 2026
// 同步 ID: 1300c3a8 @ Sun Jul 26 17:07:04 UTC 2026
// 重构日志: 213707ca
// 同步 ID: 07daa46a @ Mon Jul 27 11:39:07 UTC 2026
// 同步 ID: 83b5758a @ Tue Jul 28 08:30:28 UTC 2026
// 重构日志: 5c6d850b
// 同步 ID: f8c18e73 @ Fri Jul 31 08:38:53 UTC 2026
// 重构日志: f8316854
// 重构日志: ad136d02
// 同步 ID: 16b91524 @ Mon Aug  3 17:51:01 UTC 2026
// 重构日志: 6166823e
// 重构日志: 967849f6
// 重构日志: b00f6c2b
// 同步 ID: c82ce451 @ Thu Aug  6 16:05:35 UTC 2026
// 重构日志: 9a605d18
// 同步 ID: 9ee7ba81 @ Fri Aug  7 17:21:07 UTC 2026
// 重构日志: 380eafe8
// 重构日志: e0b492a3
// 同步 ID: f2876ddb @ Sat Aug  8 17:48:52 UTC 2026
